=== PASS 1: course codes & topics ===
term 1/11: CS 46A — r/SJSU 75 posts, 23 new candidates (23 total pending)
term 2/11: CS 46B — r/SJSU 73 posts, 15 new candidates (38 total pending)
term 3/11: CS 146 — r/SJSU 100 posts, 28 new candidates (66 total pending)
term 4/11: CS 151 — r/SJSU 48 posts, 12 new candidates (78 total pending)
term 5/11: CS 157A — r/SJSU 21 posts, 10 new candidates (88 total pending)
term 6/11: CMPE 102 — r/SJSU 16 posts, 5 new candidates (93 total pending)
term 7/11: best CS professor — r/SJSU 11 posts, 1 new candidates (94 total pending)
term 8/11: avoid professor — r/SJSU 39 posts, 15 new candidates (109 total pending)
term 9/11: CS workload — r/SJSU 18 posts, 3 new candidates (112 total pending)
term 10/11: easy A CS — r/SJSU 86 posts, 28 new candidates (140 total pending)
term 11/11: GE recommendation — r/SJSU 34 posts, 10 new candidates (150 total pending)
  fetched kighem (cache) — 15 substantive / 17 fetched
  fetched 2ljx6r (cache) — 16 substantive / 17 fetched
  fetched 2u15xl (cache) — 8 substantive / 8 fetched
  fetched 2e4b40 (cache) — 20 substantive / 21 fetched
  fetched 1bwuij (cache) — 8 substantive / 8 fetched
  fetched 94eap5 (cache) — 6 substantive / 7 fetched
  fetched c81p6a (cache) — 36 substantive / 40 fetched
  fetched he58kf (cache) — 17 substantive / 18 fetched
  fetched btavob (cache) — 5 substantive / 6 fetched
  fetched agz7mw (cache) — 6 substantive / 6 fetched
  fetched 5rm577 (cache) — 7 substantive / 7 fetched
  fetched nzwxu4 (cache) — 5 substantive / 6 fetched
  fetched k8ims (cache) — 16 substantive / 20 fetched
  fetched auelbw (cache) — 6 substantive / 6 fetched
  fetched 79elu2 (cache) — 6 substantive / 6 fetched
  fetched aitmuv (cache) — 5 substantive / 8 fetched
  fetched a9slb5 (cache) — 12 substantive / 12 fetched
  fetched aik884 (cache) — 9 substantive / 11 fetched
  fetched blmsyy (cache) — 10 substantive / 10 fetched
  fetched 3115uo (cache) — 9 substantive / 9 fetched
  fetched n2kso2 (cache) — 5 substantive / 10 fetched
  fetched 5an1vs (cache) — 7 substantive / 7 fetched
  fetched 3rgfey (cache) — 5 substantive / 5 fetched
  fetched 3wjyr5 (cache) — 23 substantive / 24 fetched
  fetched htkrof (cache) — 20 substantive / 20 fetched
  fetched 123uh6b (cache) — 17 substantive / 22 fetched
  fetched 3rfh5t (cache) — 10 substantive / 13 fetched
  fetched a3ej3c (cache) — 9 substantive / 10 fetched
  fetched 21k8u5 (cache) — 7 substantive / 9 fetched
  fetched kz0us4 (cache) — 5 substantive / 8 fetched
  fetched 2tos7d (cache) — 6 substantive / 7 fetched
  fetched mjbmtq (cache) — 4 substantive / 6 fetched
  fetched d2v038 (cache) — 5 substantive / 5 fetched
  fetched 78oc4m (cache) — 5 substantive / 5 fetched
  fetched m2ibc2 (cache) — 4 substantive / 7 fetched
  fetched jev83c (cache) — 4 substantive / 5 fetched
  fetched 7ywl7v (cache) — 24 substantive / 27 fetched
  fetched 15khcwk (cache) — 22 substantive / 27 fetched
  fetched yrvrta (cache) — 17 substantive / 18 fetched
  fetched 3xmqve (cache) — 16 substantive / 17 fetched
  fetched uoucxa (cache) — 15 substantive / 16 fetched
  fetched a9jd76 (cache) — 15 substantive / 15 fetched
  fetched az7wa8 (cache) — 12 substantive / 13 fetched
  fetched 3ak2p7 (cache) — 12 substantive / 14 fetched
  fetched hm07tr (cache) — 11 substantive / 13 fetched
  fetched 4io5z1 (cache) — 8 substantive / 10 fetched
  fetched 8ftn5c (cache) — 9 substantive / 9 fetched
  fetched 2dssku (cache) — 8 substantive / 9 fetched
  fetched 5e26qr (cache) — 8 substantive / 8 fetched
  fetched 5ajx35 (cache) — 7 substantive / 7 fetched
  fetched akvh9u (cache) — 6 substantive / 6 fetched
  fetched 14ezb23 (cache) — 5 substantive / 6 fetched
  fetched a6juzy (cache) — 5 substantive / 5 fetched
  fetched v4veh2 (cache) — 4 substantive / 5 fetched
  fetched jrqf46 (cache) — 4 substantive / 5 fetched
  fetched dol3hc (cache) — 6 substantive / 6 fetched
  fetched 13v3g5d (cache) — 5 substantive / 6 fetched
  fetched 75knsc (cache) — 5 substantive / 5 fetched
  fetched 14fq32j (cache) — 4 substantive / 5 fetched
  fetched dmc9c8 (cache) — 5 substantive / 5 fetched
  fetched oycv8l (cache) — 4 substantive / 8 fetched
  fetched bvdrtr (cache) — 4 substantive / 5 fetched
  fetched 7gzq3j (cache) — 5 substantive / 5 fetched
  fetched 7797l4 (cache) — 5 substantive / 5 fetched
  fetched evbmia (cache) — 28 substantive / 28 fetched
  fetched f4w7w6 (cache) — 25 substantive / 28 fetched
  fetched ht1uhu (cache) — 25 substantive / 26 fetched
  fetched 37amxl (cache) — 19 substantive / 20 fetched
  fetched iy3ch1 (cache) — 12 substantive / 16 fetched
  fetched ae3bn8 (cache) — 15 substantive / 16 fetched
  fetched 34uwei (cache) — 15 substantive / 16 fetched
  fetched t26dx (cache) — 14 substantive / 14 fetched
  fetched dt2y57 (cache) — 12 substantive / 12 fetched
  fetched 24scb2 (cache) — 12 substantive / 12 fetched
  fetched 59dz17 (cache) — 11 substantive / 13 fetched
  fetched ix75z6 (cache) — 10 substantive / 11 fetched
  fetched 1folb78 (cache) — 15 substantive / 16 fetched
  fetched 1qunnb (cache) — 11 substantive / 11 fetched
  fetched ckgzj9 (cache) — 8 substantive / 12 fetched
  fetched 39vqvj (cache) — 10 substantive / 11 fetched
  fetched brvnxm (cache) — 11 substantive / 11 fetched
  fetched 1xg4wc (cache) — 8 substantive / 9 fetched
  fetched 6ou1qc (cache) — 8 substantive / 8 fetched
  fetched 6n7825 (cache) — 6 substantive / 6 fetched
  fetched 35rthk (cache) — 6 substantive / 6 fetched
  fetched 15ut189 (cache) — 5 substantive / 7 fetched
  fetched vgwok (cache) — 5 substantive / 5 fetched
  fetched mexl5i (cache) — 4 substantive / 5 fetched
  fetched 8uhn4w (cache) — 5 substantive / 6 fetched
  fetched mhdfjg (cache) — 4 substantive / 5 fetched
  fetched 68iu4u (cache) — 5 substantive / 5 fetched
  fetched 8h18of (cache) — 5 substantive / 5 fetched
  fetched fe9hm8 (cache) — 33 substantive / 37 fetched
  fetched 12cujuc (cache) — 16 substantive / 18 fetched
  fetched 3orsg2 (cache) — 16 substantive / 16 fetched
  fetched 347nyt (cache) — 17 substantive / 17 fetched
  fetched nfvvhw (cache) — 13 substantive / 14 fetched
  fetched 3vhuzt (cache) — 14 substantive / 14 fetched
  fetched 3t8elo (cache) — 12 substantive / 14 fetched
  fetched 5but9x (cache) — 11 substantive / 11 fetched
  fetched wvs0x9 (cache) — 9 substantive / 10 fetched
  fetched iylsby (cache) — 8 substantive / 10 fetched
  fetched 12hgcpf (cache) — 7 substantive / 9 fetched
  fetched cav61j (cache) — 6 substantive / 8 fetched
  fetched 3ara6z (cache) — 7 substantive / 8 fetched
  fetched 168ou5 (cache) — 7 substantive / 7 fetched
  fetched g0nq8t (cache) — 5 substantive / 6 fetched
  fetched 6mbqol (cache) — 6 substantive / 6 fetched
  fetched pk7cr9 (cache) — 7 substantive / 9 fetched
  fetched jla3yw (cache) — 4 substantive / 5 fetched
  fetched 9jhfsh (cache) — 5 substantive / 5 fetched
  fetched emmkdj (cache) — 5 substantive / 5 fetched
  fetched oz8nmk (cache) — 3 substantive / 5 fetched
  fetched b5y3n3 (cache) — 5 substantive / 5 fetched
  fetched ds78lm (cache) — 5 substantive / 5 fetched
  fetched jn52gv (cache) — 4 substantive / 5 fetched
  fetched 3stoxr (cache) — 5 substantive / 6 fetched
  fetched 692z2z (cache) — 5 substantive / 5 fetched
  fetched 15rlpbh (cache) — 5 substantive / 6 fetched
  fetched 8b9twp (cache) — 5 substantive / 5 fetched
  fetched 6mq8ju (cache) — 26 substantive / 29 fetched
  fetched 14qxcfz (cache) — 27 substantive / 36 fetched
  fetched tgl36r (cache) — 14 substantive / 17 fetched
  fetched 7a08rt (cache) — 17 substantive / 17 fetched
  fetched 1bats04 (cache) — 16 substantive / 18 fetched
  fetched 4pf1fa (cache) — 10 substantive / 12 fetched
  fetched 2tscpa (cache) — 8 substantive / 13 fetched
  fetched v1bmsq (cache) — 9 substantive / 10 fetched
  fetched chs0qo (cache) — 10 substantive / 11 fetched
  fetched 5dl0xr (cache) — 8 substantive / 8 fetched
  fetched 2co57x (cache) — 7 substantive / 7 fetched
  fetched ry1t1i (cache) — 6 substantive / 8 fetched
  fetched a42sem (cache) — 6 substantive / 6 fetched
  fetched jams6v (cache) — 4 substantive / 6 fetched
  fetched 9nfnev (cache) — 5 substantive / 6 fetched
  fetched 4nfia9 (cache) — 5 substantive / 6 fetched
  fetched 136fc1z (cache) — 3 substantive / 6 fetched
  fetched 8g55at (cache) — 5 substantive / 5 fetched
  fetched nqc0nt (cache) — 19 substantive / 23 fetched
  fetched 5okq3h (cache) — 12 substantive / 15 fetched
  fetched rqwy9m (cache) — 12 substantive / 13 fetched
  fetched j1slae (cache) — 8 substantive / 10 fetched
  fetched kqco3o (cache) — 7 substantive / 9 fetched
  fetched 6afmyf (cache) — 8 substantive / 9 fetched
  fetched b7451b (cache) — 7 substantive / 7 fetched
  fetched g8agwx (cache) — 10 substantive / 13 fetched
  fetched 9wjkkq (cache) — 5 substantive / 5 fetched
  fetched ajgpct (cache) — 5 substantive / 5 fetched
  fetched aig5df (cache) — 11 substantive / 12 fetched
  fetched 5adjbt (cache) — 8 substantive / 10 fetched
=== PASS 2: professor names ===
discovered professor terms: ['professor Advice', 'professor Heller', 'professor Kim', 'professor Koo']
term 1/6: professor Advice — r/SJSU 100 posts, 32 new candidates (32 total pending)
term 2/6: professor Heller — r/SJSU 4 posts, 0 new candidates (32 total pending)
term 3/6: professor Kim — r/SJSU 10 posts, 2 new candidates (34 total pending)
term 4/6: professor Koo — r/SJSU 1 posts, 1 new candidates (35 total pending)
term 5/6: professor Mak — r/SJSU 0 posts, 0 new candidates (35 total pending)
term 6/6: professor Taylor — r/SJSU 14 posts, 2 new candidates (37 total pending)
  fetched 110ragq (cache) — 10 substantive / 11 fetched
  fetched owong (cache) — 7 substantive / 7 fetched
  fetched qlxp02 (cache) — 9 substantive / 10 fetched
  fetched 9kd2f9 (cache) — 10 substantive / 10 fetched
  fetched 11uatgo (cache) — 6 substantive / 7 fetched
  fetched nowu55 (cache) — 19 substantive / 21 fetched
  fetched 10krcz7 (cache) — 11 substantive / 12 fetched
  fetched 96nhik (cache) — 11 substantive / 11 fetched
  fetched accbf6 (cache) — 9 substantive / 9 fetched
  fetched fpd1tl (cache) — 19 substantive / 20 fetched
  fetched eocv4s (cache) — 12 substantive / 14 fetched
  fetched i8te0d (cache) — 7 substantive / 7 fetched
  fetched gcgy1d (cache) — 9 substantive / 10 fetched
  fetched 9ikday (cache) — 15 substantive / 16 fetched
  fetched ij6t1c (cache) — 6 substantive / 15 fetched
  fetched 13stunl (cache) — 11 substantive / 15 fetched
  fetched v1jm9y (cache) — 11 substantive / 13 fetched
  fetched qhribb (live 1/45) — 6 substantive / 8 fetched
  fetched wtcsso (live 2/45) — 7 substantive / 10 fetched
  fetched kw6a5e (cache) — 7 substantive / 8 fetched
  fetched chgbrx (cache) — 7 substantive / 7 fetched
  fetched 1kdbph5 (cache) — 7 substantive / 8 fetched
  fetched 132dyy1 (cache) — 5 substantive / 6 fetched
  fetched 6a6mc9 (cache) — 9 substantive / 9 fetched
  fetched 8lvkwr (cache) — 6 substantive / 6 fetched
  fetched nu0bdl (cache) — 13 substantive / 15 fetched
  fetched kkp5sl (cache) — 7 substantive / 8 fetched
  fetched 90zvg6 (cache) — 8 substantive / 8 fetched
  fetched cvxtc8 (cache) — 6 substantive / 7 fetched
  fetched 9fw4rt (cache) — 6 substantive / 6 fetched
  fetched 1eqlf5p (cache) — 2 substantive / 5 fetched
  fetched d5lyaz (cache) — 11 substantive / 11 fetched
  fetched euk9ol (cache) — 6 substantive / 6 fetched
  ! request failed (HTTPSConnectionPool(host='api.pullpush.io', port=443): Read timed out. (read tim); retrying once...
  fetched fbnocr (live 3/45) — 14 substantive / 14 fetched
  fetched kjqs6q (live 4/45) — 10 substantive / 13 fetched
  fetched mktmd7 (cache) — 6 substantive / 27 fetched
  fetched m6l348 (cache) — 10 substantive / 11 fetched
threads fetched: 187 | qualifying (>= 5 substantive): 171
writing top 15 threads (target 12-15, floor 10)
  wrote documents/kighem.txt  (15 substantive)  "The Spartan's Ultimate Guide to SJSU, Part 2: General Advice"
  wrote documents/2ljx6r.txt  (16 substantive)  'Adel Atta Negative Reviews Removed from Rate My Professor: A'
  wrote documents/2u15xl.txt  (8 substantive)  'CS majors, how would you rank the upper division major cours'
  wrote documents/3wjyr5.txt  (23 substantive)  'CS 47 or CS 151?'
  wrote documents/123uh6b.txt  (17 substantive)  'Computer Science vs Software Engineering B.S.'
  wrote documents/3xmqve.txt  (16 substantive)  '[Computer Science] Difference between CS 46B and CS 146?'
  wrote documents/37amxl.txt  (19 substantive)  'Comp Sci majors! 4 major courses in one semester?'
  wrote documents/btavob.txt  (5 substantive)  'CS transfer from C++ school ? about CS 146'
  wrote documents/94eap5.txt  (6 substantive)  'I am taking CS 157A with professor Ahmed Ezzat. Any tips to '
  wrote documents/5rm577.txt  (7 substantive)  'Best CS Electives/Deep Course?'
  wrote documents/1bwuij.txt  (8 substantive)  'Could use some advice on which course to take from Computer '
  wrote documents/he58kf.txt  (17 substantive)  'Frosh Courses for this Fall Semester(CS major)'
  wrote documents/c81p6a.txt  (36 substantive)  'Things I Wish Someone Told Me Freshman Year (Engineering)'
  wrote documents/2e4b40.txt  (20 substantive)  'With school less than a week away, here are some tips for ne'
  wrote documents/nzwxu4.txt  (5 substantive)  'Best class to fulfill D2 or D3/US123 and Best class for B1+B'
============================================================
API BEHAVIOR
============================================================
  live api calls       : 5
  live comment fetches : 4 (cap 45)
  cache hits           : 200
  retries              : 1
  failures             : 0
  wall time            : 68.7s
============================================================
SELECTED 15 DOCUMENTS
============================================================
  kighem.txt | 15 substantive | dom=25 | https://www.reddit.com/r/SJSU/comments/kighem/the_spartans_ultimate_guide_to_sjsu_part_2/ | "The Spartan's Ultimate Guide to SJSU, Part 2: General A"
  2ljx6r.txt | 16 substantive | dom=19 | https://www.reddit.com/r/SJSU/comments/2ljx6r/adel_atta_negative_reviews_removed_from_rate_my/ | 'Adel Atta Negative Reviews Removed from Rate My Profess'
  2u15xl.txt |  8 substantive | dom=13 | https://www.reddit.com/r/SJSU/comments/2u15xl/cs_majors_how_would_you_rank_the_upper_division/ | 'CS majors, how would you rank the upper division major '
  3wjyr5.txt | 23 substantive | dom=7 | https://www.reddit.com/r/SJSU/comments/3wjyr5/cs_47_or_cs_151/ | 'CS 47 or CS 151?'
  123uh6b.txt | 17 substantive | dom=7 | https://www.reddit.com/r/SJSU/comments/123uh6b/computer_science_vs_software_engineering_bs/ | 'Computer Science vs Software Engineering B.S.'
  3xmqve.txt | 16 substantive | dom=6 | https://www.reddit.com/r/SJSU/comments/3xmqve/computer_science_difference_between_cs_46b_and_cs/ | '[Computer Science] Difference between CS 46B and CS 146'
  37amxl.txt | 19 substantive | dom=5 | https://www.reddit.com/r/SJSU/comments/37amxl/comp_sci_majors_4_major_courses_in_one_semester/ | 'Comp Sci majors! 4 major courses in one semester?'
  btavob.txt |  5 substantive | dom=10 | https://www.reddit.com/r/SJSU/comments/btavob/cs_transfer_from_c_school_about_cs_146/ | 'CS transfer from C++ school ? about CS 146'
  94eap5.txt |  6 substantive | dom=12 | https://www.reddit.com/r/SJSU/comments/94eap5/i_am_taking_cs_157a_with_professor_ahmed_ezzat/ | 'I am taking CS 157A with professor Ahmed Ezzat. Any tip'
  5rm577.txt |  7 substantive | dom=10 | https://www.reddit.com/r/SJSU/comments/5rm577/best_cs_electivesdeep_course/ | 'Best CS Electives/Deep Course?'
  1bwuij.txt |  8 substantive | dom=12 | https://www.reddit.com/r/SJSU/comments/1bwuij/could_use_some_advice_on_which_course_to_take/ | 'Could use some advice on which course to take from Comp'
  he58kf.txt | 17 substantive | dom=10 | https://www.reddit.com/r/SJSU/comments/he58kf/frosh_courses_for_this_fall_semestercs_major/ | 'Frosh Courses for this Fall Semester(CS major)'
  c81p6a.txt | 36 substantive | dom=10 | https://www.reddit.com/r/SJSU/comments/c81p6a/things_i_wish_someone_told_me_freshman_year/ | 'Things I Wish Someone Told Me Freshman Year (Engineerin'
  2e4b40.txt | 20 substantive | dom=12 | https://www.reddit.com/r/SJSU/comments/2e4b40/with_school_less_than_a_week_away_here_are_some/ | 'With school less than a week away, here are some tips f'
  nzwxu4.txt |  5 substantive | dom=10 | https://www.reddit.com/r/SJSU/comments/nzwxu4/best_class_to_fulfill_d2_or_d3us123_and_best/ | 'Best class to fulfill D2 or D3/US123 and Best class for'
DONE
